// Jest Snapshot v1, https://goo.gl/fbAQLP

exports[`csp updateCSP updates cspCache with given csp 1`] = `"default-src 'self';"`;
